QA_ROOT=F:\SteamLibrary\steamapps\common\7 Days To Die\Mods\.local-tests\MechaNativeQA\run-bba23816553b467dab23346ecd8b61ef
F:\SteamLibrary\steamapps\common\7 Days To Die\Mods/tools/Mecha/NuVideoQA.cs(13,72): warning CS0618: 'Physics.autoSimulation' is obsolete: 'Physics.autoSimulation has been replaced by Physics.simulationMode'
F:\SteamLibrary\steamapps\common\7 Days To Die\Mods/tools/Mecha/NuVideoQA.cs(13,95): warning CS0618: 'Physics.autoSimulation' is obsolete: 'Physics.autoSimulation has been replaced by Physics.simulationMode'
F:\SteamLibrary\steamapps\common\7 Days To Die\Mods/tools/Mecha/NuVideoQA.cs(18,874): warning CS0618: 'RenderSettings.customReflection' is obsolete: 'RenderSettings.customReflection has been deprecated in favor of RenderSettings.customReflectionTexture.'
F:\SteamLibrary\steamapps\common\7 Days To Die\Mods/tools/Mecha/NuVideoQA.cs(27,66): warning CS0618: 'Physics.autoSimulation' is obsolete: 'Physics.autoSimulation has been replaced by Physics.simulationMode'
Mecha compiled against installed V3.2 Mono/Unity references.
loaded=True installed=True exited=False
--- Mecha/Buster/Exception lines ---
2026-10-07T21:07:59 1.055 INF [MODS]     Loaded assembly MonoMod.ILHelpers (in F:\SteamLibrary\steamapps\common\7 Days To Die\Mods\.local-tests\MechaNativeQA\run-bba23816553b467dab
2026-10-07T21:07:59 1.058 INF [MODS]     Loaded assembly MonoMod.RuntimeDetour (in F:\SteamLibrary\steamapps\common\7 Days To Die\Mods\.local-tests\MechaNativeQA\run-bba23816553b46
2026-10-07T21:07:59 1.061 INF [MODS]     Loaded assembly MonoMod.Utils (in F:\SteamLibrary\steamapps\common\7 Days To Die\Mods\.local-tests\MechaNativeQA\run-bba23816553b467dab2334
2026-10-07T21:07:59 1.065 INF [MODS]     Loaded assembly System.ValueTuple (in F:\SteamLibrary\steamapps\common\7 Days To Die\Mods\.local-tests\MechaNativeQA\run-bba23816553b467dab
2026-10-07T21:07:59 1.069 INF [MODS]     Loaded assembly TfpHarmony (in F:\SteamLibrary\steamapps\common\7 Days To Die\Mods\.local-tests\MechaNativeQA\run-bba23816553b467dab23346ec
2026-10-07T21:07:59 1.108 INF [MODS]   Trying to load from folder: 'ZZ-PZAEC_Mecha'
2026-10-07T21:07:59 1.112 INF [MODS]     Loaded assembly PZAEC.Mecha (in F:\SteamLibrary\steamapps\common\7 Days To Die\Mods\.local-tests\MechaNativeQA\run-bba23816553b467dab23346e
2026-10-07T21:07:59 1.113 INF [MODS]     Loaded Mod: PZAEC_Mecha (0.21.0)
2026-10-07T21:07:59 1.171 INF [MODS]   Trying to load from folder: 'ZZ-PZAEC_Mecha'
2026-10-07T21:07:59 1.173 WRN [MODS]     Mod with same name (PZAEC_Mecha) already loaded, ignoring
2026-10-07T21:07:59 1.434 INF [MODS]   Initializing mod PZAEC_Mecha
2026-10-07T21:07:59 1.435 INF [MODS]     Found ModAPI in assembly PZAEC.Mecha, creating instance
2026-10-07T21:07:59 1.437 INF [MODS]     Initialized code in mod 'PZAEC_Mecha' in assembly PZAEC.Mecha
2026-10-07T21:07:59 1.438 INF [MODS]     Found ModAPI in assembly PZAEC.Mecha, creating instance
2026-10-07T21:07:59 1.641 INF [Mecha] Combat Robot beam / blades / guided missiles enabled; server-authoritative cargo ammunition.
2026-10-07T21:07:59 1.823 INF [Mecha] Hull 15/30/50% damage channels (10% per-hit cap), sealed cabin (crew transfer zeroed, direct hits 10/20% capped at 20% HP), field + battle rep
2026-10-07T21:08:00 1.834 INF [Mecha] Combat Robot biped installed (runtime rig + IK gait, FPV optics, beam + blades + missiles).
2026-10-07T21:08:00 1.835 INF [MODS]     Initialized code in mod 'PZAEC_Mecha' in assembly PZAEC.Mecha
2026-10-07T21:08:00 1.838 INF [MODS] Loading localization from mod: PZAEC_Mecha
2026-10-07T21:08:00 2.604 INF Loading permissions file at 'F:\SteamLibrary\steamapps\common\7 Days To Die\Mods\.local-tests\MechaNativeQA\run-bba23816553b467dab23346ecd8b61ef\UserD
2026-10-07T21:08:01 2.840 INF Loaded (local): sandbox_overrides in 0.00
2026-10-07T21:08:03 5.725 INF [PermissionsManager] ResolvePermissions(_perms: [All], _canPrompt: False) Fetching Title Storage Overrides...
2026-10-07T21:08:03 5.726 INF [PermissionsManager] ResolvePermissions(_perms: [All], _canPrompt: False) Fetched Title Storage Overrides!
GamePref.GameName = MechaQA_Isolated
GamePref.OptionsGfxTerrainQuality = 2
GamePref.ServerName = Mecha Isolated QA
GamePref.ServerReservedSlots = 0
GamePref.ServerReservedSlotsPermission = 100
Option TerrainDamage: 9/150% (default: 7/100%)
2026-10-07T21:08:27 29.372 INF Block IDs total 24810, terr 30, last 25031
2026-10-07T21:08:31 32.915 INF Loaded (local): sandbox_overrides in 0.00
2026-10-07T21:08:31 32.928 INF createWorld: Navezgane, Navezgane (src: GameData, DeviceLocal), MechaQA_Isolated, GameModeSurvival
2026-10-07T21:08:40 42.082 INF Started thread SaveChunks F:\SteamLibrary\steamapps\common\7 Days To Die\Mods\.local-tests\MechaNativeQA\run-bba23816553b467dab23346ecd8b61ef\UserDat
2026-10-07T21:08:43 45.578 INF Dymesh: Mesh location: F:\SteamLibrary\steamapps\common\7 Days To Die\Mods\.local-tests\MechaNativeQA\run-bba23816553b467dab23346ecd8b61ef\UserData\S
2026-10-07T21:08:48 50.605 INF 23049 Vehicle PostInit [type=EntityVJeep, name=vehiclePZAECMechaUltimate, id=171], (0.00, 400.00, 0.00) (chunk 0, 0), rbPos (0.00, 0.00, 0.00)
2026-10-07T21:09:30 92.328 INF [NuVideoQA] output=F:\SteamLibrary\steamapps\common\7 Days To Die\Mods\.local-tests\MechaNativeQA\run-bba23816553b467dab23346ecd8b61ef\UserData\Saves
2026-10-07T21:09:30 92.329 INF [MechaMotionQA] COMPLETE failures=0
2026-10-07T21:09:30 92.357 ERR [Steamworks.NET] GameServer.LogOn timed out
2026-10-07T21:09:31 93.304 INF Dymesh: Mesh location: F:\SteamLibrary\steamapps\common\7 Days To Die\Mods\.local-tests\MechaNativeQA\run-bba23816553b467dab23346ecd8b61ef\UserData\S
2026-10-07T21:09:31 93.306 INF Dymesh: Loading Items: F:\SteamLibrary\steamapps\common\7 Days To Die\Mods\.local-tests\MechaNativeQA\run-bba23816553b467dab23346ecd8b61ef\UserData\S
QA server stopped.
MECHA NATIVE SMOKE PASSED
